
> scrollytelling-love-website@1.0.0 build
> next build

▲ Next.js 16.1.6 (Turbopack)
- Environments: .env.local

  Creating an optimized production build ...

> Build error occurred
Error: Turbopack build failed with 1 errors:
./lib/supabaseClient.ts:1:1
Module not found: Can't resolve '@supabase/supabase-js'
[0m[31m[1m>[22m[39m[90m 1 |[39m [36mimport[39m { createClient } [36mfrom[39m [32m"@supabase/supabase-js"[39m[33m;[39m
 [90m   |[39m [31m[1m^[22m[39m[31m[1m^[22m[39m[31m[1m^[22m[39m[31m[1m^[22m[39m[31m[1m^[22m[39m[31m[1m^[22m[39m[31m[1m^[22m[39m[31m[1m^[22m[39m[31m[1m^[22m[39m[31m[1m^[22m[39m[31m[1m^[22m[39m[31m[1m^[22m[39m[31m[1m^[22m[39m[31m[1m^[22m[39m[31m[1m^[22m[39m[31m[1m^[22m[39m[31m[1m^[22m[39m[31m[1m^[22m[39m[31m[1m^[22m[39m[31m[1m^[22m[39m[31m[1m^[22m[39m[31m[1m^[22m[39m[31m[1m^[22m[39m[31m[1m^[22m[39m[31m[1m^[22m[39m[31m[1m^[22m[39m[31m[1m^[22m[39m[31m[1m^[22m[39m[31m[1m^[22m[39m[31m[1m^[22m[39m[31m[1m^[22m[39m[31m[1m^[22m[39m[31m[1m^[22m[39m[31m[1m^[22m[39m[31m[1m^[22m[39m[31m[1m^[22m[39m[31m[1m^[22m[39m[31m[1m^[22m[39m[31m[1m^[22m[39m[31m[1m^[22m[39m[31m[1m^[22m[39m[31m[1m^[22m[39m[31m[1m^[22m[39m[31m[1m^[22m[39m[31m[1m^[22m[39m[31m[1m^[22m[39m[31m[1m^[22m[39m[31m[1m^[22m[39m[31m[1m^[22m[39m[31m[1m^[22m[39m[31m[1m^[22m[39m[31m[1m^[22m[39m[31m[1m^[22m[39m
 [90m 2 |[39m
 [90m 3 |[39m [36mexport[39m [36mconst[39m supabase [33m=[39m createClient(
 [90m 4 |[39m     process[33m.[39menv[33m.[39m[33mNEXT_PUBLIC_SUPABASE_URL[39m[33m![39m[33m,[39m[0m



Import traces:
  Server Component:
    ./lib/supabaseClient.ts
    ./app/v/spiderman/[slug]/page.tsx

  Client Component Browser:
    ./lib/supabaseClient.ts [Client Component Browser]
    ./app/editor/page.tsx [Client Component Browser]
    ./app/editor/page.tsx [Server Component]

  Client Component SSR:
    ./lib/supabaseClient.ts [Client Component SSR]
    ./app/editor/page.tsx [Client Component SSR]
    ./app/editor/page.tsx [Server Component]

https://nextjs.org/docs/messages/module-not-found


    at <unknown> (./lib/supabaseClient.ts:1:1)
    at <unknown> (https://nextjs.org/docs/messages/module-not-found)
